mode: set
github.com/markbates/cleo/cmd.go:48.56,49.16 1 1
github.com/markbates/cleo/cmd.go:49.16,51.3 1 1
github.com/markbates/cleo/cmd.go:53.2,59.27 2 1
github.com/markbates/cleo/cmd.go:59.27,60.34 1 1
github.com/markbates/cleo/cmd.go:60.34,62.4 1 1
github.com/markbates/cleo/cmd.go:65.2,65.17 1 1
github.com/markbates/cleo/cmd.go:69.39,70.16 1 1
github.com/markbates/cleo/cmd.go:70.16,72.3 1 1
github.com/markbates/cleo/cmd.go:73.2,75.23 3 1
github.com/markbates/cleo/cmd.go:75.23,77.3 1 1
github.com/markbates/cleo/cmd.go:78.2,78.19 1 1
github.com/markbates/cleo/cmd.go:81.38,83.2 1 1
github.com/markbates/cleo/cmd.go:86.70,87.16 1 1
github.com/markbates/cleo/cmd.go:87.16,89.3 1 1
github.com/markbates/cleo/cmd.go:91.2,97.29 5 1
github.com/markbates/cleo/cmd.go:97.29,98.39 1 1
github.com/markbates/cleo/cmd.go:98.39,101.4 2 1
github.com/markbates/cleo/cmd.go:104.2,108.15 4 1
github.com/markbates/cleo/cmd.go:108.15,110.3 1 1
github.com/markbates/cleo/cmd.go:112.2,112.17 1 1
github.com/markbates/cleo/cmd.go:115.38,116.16 1 1
github.com/markbates/cleo/cmd.go:116.16,118.3 1 1
github.com/markbates/cleo/cmd.go:120.2,123.17 3 1
github.com/markbates/cleo/cmd.go:129.49,130.31 1 1
github.com/markbates/cleo/cmd.go:130.31,132.3 1 1
github.com/markbates/cleo/cmd.go:134.2,134.16 1 1
github.com/markbates/cleo/cmd.go:134.16,136.3 1 1
github.com/markbates/cleo/cmd.go:138.2,141.23 3 1
github.com/markbates/cleo/cmd.go:141.23,143.3 1 1
github.com/markbates/cleo/cmd.go:145.2,145.32 1 1
github.com/markbates/cleo/cmd.go:145.32,147.24 2 1
github.com/markbates/cleo/cmd.go:147.24,149.4 1 1
github.com/markbates/cleo/cmd.go:151.3,151.27 1 1
github.com/markbates/cleo/cmd.go:151.27,152.40 1 1
github.com/markbates/cleo/cmd.go:152.40,155.5 2 1
github.com/markbates/cleo/cmd.go:158.3,158.15 1 1
github.com/markbates/cleo/cmd.go:165.49,167.19 2 1
github.com/markbates/cleo/cmd.go:167.19,169.3 1 0
github.com/markbates/cleo/cmd.go:171.2,172.21 2 1
github.com/markbates/cleo/cmd.go:172.21,174.3 1 1
github.com/markbates/cleo/cmd.go:177.2,180.15 3 1
github.com/markbates/cleo/cmd.go:184.43,185.16 1 1
github.com/markbates/cleo/cmd.go:185.16,187.3 1 1
github.com/markbates/cleo/cmd.go:189.2,196.30 5 1
github.com/markbates/cleo/cmd.go:196.30,198.3 1 1
github.com/markbates/cleo/cmd.go:200.2,202.25 2 1
github.com/markbates/cleo/cmd.go:202.25,204.3 1 1
github.com/markbates/cleo/cmd.go:206.2,206.13 1 1
github.com/markbates/cleo/cmd.go:210.37,212.16 2 1
github.com/markbates/cleo/cmd.go:212.16,214.3 1 1
github.com/markbates/cleo/cmd.go:216.2,216.42 1 1
github.com/markbates/cleo/cmd.go:221.34,222.16 1 1
github.com/markbates/cleo/cmd.go:222.16,224.3 1 1
github.com/markbates/cleo/cmd.go:226.2,228.17 3 1
github.com/markbates/cleo/cmd.go:232.39,233.16 1 1
github.com/markbates/cleo/cmd.go:233.16,235.3 1 1
github.com/markbates/cleo/cmd.go:237.2,239.20 3 1
github.com/markbates/cleo/cmd.go:243.33,244.16 1 1
github.com/markbates/cleo/cmd.go:244.16,246.3 1 1
github.com/markbates/cleo/cmd.go:248.2,249.18 2 1
github.com/markbates/cleo/cmd.go:253.47,254.16 1 1
github.com/markbates/cleo/cmd.go:254.16,256.3 1 1
github.com/markbates/cleo/cmd.go:258.2,264.16 5 1
github.com/markbates/cleo/cmd.go:264.16,266.3 1 0
github.com/markbates/cleo/cmd.go:267.2,272.16 4 1
github.com/markbates/cleo/cmd.go:272.16,274.3 1 0
github.com/markbates/cleo/cmd.go:275.2,280.16 4 1
github.com/markbates/cleo/cmd.go:280.16,282.3 1 0
github.com/markbates/cleo/cmd.go:283.2,289.16 5 1
github.com/markbates/cleo/cmd.go:289.16,291.3 1 0
github.com/markbates/cleo/cmd.go:292.2,295.34 3 1
github.com/markbates/cleo/cmd.go:300.76,302.2 1 1
github.com/markbates/cleo/cmd.go:306.87,307.16 1 1
github.com/markbates/cleo/cmd.go:307.16,309.3 1 1
github.com/markbates/cleo/cmd.go:311.2,317.38 3 1
github.com/markbates/cleo/env.go:13.38,14.14 1 1
github.com/markbates/cleo/env.go:14.14,16.3 1 1
github.com/markbates/cleo/env.go:18.2,20.19 3 1
github.com/markbates/cleo/env.go:20.19,22.3 1 1
github.com/markbates/cleo/env.go:24.2,24.20 1 1
github.com/markbates/cleo/env.go:27.38,28.14 1 1
github.com/markbates/cleo/env.go:28.14,31.3 2 1
github.com/markbates/cleo/env.go:33.2,35.19 3 1
github.com/markbates/cleo/env.go:35.19,37.3 1 1
github.com/markbates/cleo/env.go:39.2,39.21 1 1
github.com/markbates/cleo/errors.go:20.43,22.2 1 1
github.com/markbates/cleo/exit.go:21.53,22.16 1 1
github.com/markbates/cleo/exit.go:22.16,24.3 1 1
github.com/markbates/cleo/exit.go:26.2,26.16 1 1
github.com/markbates/cleo/exit.go:26.16,29.3 2 1
github.com/markbates/cleo/exit.go:31.2,36.32 4 1
github.com/markbates/cleo/exit.go:36.32,38.3 1 1
github.com/markbates/cleo/fs.go:8.45,9.16 1 1
github.com/markbates/cleo/fs.go:9.16,11.3 1 1
github.com/markbates/cleo/fs.go:13.2,16.19 3 1
github.com/markbates/cleo/fs.go:16.19,18.3 1 1
github.com/markbates/cleo/fs.go:20.2,20.20 1 1
github.com/markbates/cleo/fs.go:23.48,24.16 1 1
github.com/markbates/cleo/fs.go:24.16,26.3 1 1
github.com/markbates/cleo/fs.go:28.2,28.16 1 1
github.com/markbates/cleo/fs.go:28.16,30.3 1 1
github.com/markbates/cleo/fs.go:32.2,36.12 4 1
github.com/markbates/cleo/init.go:11.30,13.2 1 1
github.com/markbates/cleo/init.go:17.60,18.16 1 1
github.com/markbates/cleo/init.go:18.16,20.3 1 1
github.com/markbates/cleo/init.go:22.2,36.25 10 1
github.com/markbates/cleo/init.go:36.25,37.47 1 1
github.com/markbates/cleo/init.go:37.47,40.4 2 1
github.com/markbates/cleo/init.go:44.2,45.26 2 1
github.com/markbates/cleo/init.go:45.26,46.47 1 1
github.com/markbates/cleo/init.go:46.47,49.4 2 1
github.com/markbates/cleo/init.go:53.2,54.25 2 1
github.com/markbates/cleo/init.go:54.25,55.45 1 1
github.com/markbates/cleo/init.go:55.45,58.4 2 1
github.com/markbates/cleo/init.go:61.2,62.12 2 1
github.com/markbates/cleo/io.go:9.32,10.16 1 1
github.com/markbates/cleo/io.go:10.16,12.3 1 1
github.com/markbates/cleo/io.go:14.2,17.15 3 1
github.com/markbates/cleo/io.go:20.43,21.16 1 1
github.com/markbates/cleo/io.go:21.16,23.3 1 1
github.com/markbates/cleo/io.go:25.2,29.12 4 1
github.com/markbates/cleo/options.go:15.34,16.30 1 1
github.com/markbates/cleo/options.go:16.30,17.17 1 1
github.com/markbates/cleo/options.go:17.17,19.4 1 1
github.com/markbates/cleo/options.go:20.3,23.13 4 1
github.com/markbates/cleo/options.go:28.38,29.30 1 1
github.com/markbates/cleo/options.go:29.30,30.17 1 1
github.com/markbates/cleo/options.go:30.17,32.4 1 1
github.com/markbates/cleo/options.go:33.3,33.24 1 1
github.com/markbates/cleo/options.go:33.24,35.4 1 1
github.com/markbates/cleo/options.go:36.3,39.13 4 1
github.com/markbates/cleo/options.go:44.44,45.30 1 1
github.com/markbates/cleo/options.go:45.30,46.17 1 1
github.com/markbates/cleo/options.go:46.17,48.4 1 1
github.com/markbates/cleo/options.go:49.3,53.13 5 1
github.com/markbates/cleo/options.go:58.42,59.30 1 1
github.com/markbates/cleo/options.go:59.30,60.17 1 1
github.com/markbates/cleo/options.go:60.17,62.4 1 1
github.com/markbates/cleo/options.go:63.3,66.13 4 1
github.com/markbates/cleo/options.go:71.55,72.30 1 1
github.com/markbates/cleo/options.go:72.30,73.17 1 1
github.com/markbates/cleo/options.go:73.17,75.4 1 1
github.com/markbates/cleo/options.go:76.3,79.13 4 1
github.com/markbates/cleo/options.go:84.54,85.30 1 1
github.com/markbates/cleo/options.go:85.30,86.17 1 1
github.com/markbates/cleo/options.go:86.17,88.4 1 1
github.com/markbates/cleo/options.go:89.3,92.13 4 1
github.com/markbates/cleo/options.go:97.45,98.30 1 1
github.com/markbates/cleo/options.go:98.30,99.17 1 1
github.com/markbates/cleo/options.go:99.17,101.4 1 1
github.com/markbates/cleo/options.go:102.3,105.13 4 1
github.com/markbates/cleo/options.go:110.59,111.30 1 1
github.com/markbates/cleo/options.go:111.30,112.17 1 1
github.com/markbates/cleo/options.go:112.17,114.4 1 1
github.com/markbates/cleo/options.go:115.3,115.17 1 1
github.com/markbates/cleo/options.go:115.17,117.4 1 1
github.com/markbates/cleo/options.go:118.3,118.20 1 1
github.com/markbates/cleo/options.go:118.20,120.4 1 1
github.com/markbates/cleo/options.go:121.3,122.26 2 1
github.com/markbates/cleo/options.go:122.26,124.4 1 0
github.com/markbates/cleo/options.go:125.3,127.13 3 1
